Analysis & Synthesis report for gcd_cal
Thu Nov 16 21:33:42 2017
Quartus II 64-Bit Version 13.0.1 Build 232 06/12/2013 Service Pack 1 SJ Web Edition


---------------------
; Table of Contents ;
---------------------
  1. Legal Notice
  2. Analysis & Synthesis Summary
  3. Analysis & Synthesis Settings
  4. Parallel Compilation
  5. Analysis & Synthesis Source Files Read
  6. Analysis & Synthesis Resource Usage Summary
  7. Analysis & Synthesis Resource Utilization by Entity
  8. Logic Cells Representing Combinational Loops
  9. Port Connectivity Checks: "four_bit_sub:f2|four_bit_adder:f2"
 10. Port Connectivity Checks: "four_bit_sub:f2|four_bit_adder:f1|FullAdder:F4"
 11. Port Connectivity Checks: "four_bit_sub:f2|four_bit_adder:f1|FullAdder:F1"
 12. Port Connectivity Checks: "four_bit_sub:f2|four_bit_adder:f1"
 13. Port Connectivity Checks: "four_bit_sub:f2"
 14. Port Connectivity Checks: "four_bit_comp:f1"
 15. Analysis & Synthesis Messages
 16. Analysis & Synthesis Suppressed Messages



----------------
; Legal Notice ;
----------------
Copyright (C) 1991-2013 Altera Corporation
Your use of Altera Corporation's design tools, logic functions 
and other software and tools, and its AMPP partner logic 
functions, and any output files from any of the foregoing 
(including device programming or simulation files), and any 
associated documentation or information are expressly subject 
to the terms and conditions of the Altera Program License 
Subscription Agreement, Altera MegaCore Function License 
Agreement, or other applicable license agreement, including, 
without limitation, that your use is for the sole purpose of 
programming logic devices manufactured by Altera and sold by 
Altera or its authorized distributors.  Please refer to the 
applicable agreement for further details.



+-------------------------------------------------------------------------------+
; Analysis & Synthesis Summary                                                  ;
+-----------------------------+-------------------------------------------------+
; Analysis & Synthesis Status ; Successful - Thu Nov 16 21:33:42 2017           ;
; Quartus II 64-Bit Version   ; 13.0.1 Build 232 06/12/2013 SP 1 SJ Web Edition ;
; Revision Name               ; gcd_cal                                         ;
; Top-level Entity Name       ; gcd_cal                                         ;
; Family                      ; MAX3000A                                        ;
; Total macrocells            ; 38                                              ;
; Total pins                  ; 12                                              ;
+-----------------------------+-------------------------------------------------+


+--------------------------------------------------------------------------------------------------------------+
; Analysis & Synthesis Settings                                                                                ;
+----------------------------------------------------------------------------+-----------------+---------------+
; Option                                                                     ; Setting         ; Default Value ;
+----------------------------------------------------------------------------+-----------------+---------------+
; Device                                                                     ; EPM3064ALC44-10 ;               ;
; Top-level entity name                                                      ; gcd_cal         ; gcd_cal       ;
; Family name                                                                ; MAX3000A        ; Cyclone IV GX ;
; Use smart compilation                                                      ; Off             ; Off           ;
; Enable parallel Assembler and TimeQuest Timing Analyzer during compilation ; On              ; On            ;
; Enable compact report table                                                ; Off             ; Off           ;
; Create Debugging Nodes for IP Cores                                        ; Off             ; Off           ;
; Preserve fewer node names                                                  ; On              ; On            ;
; Disable OpenCore Plus hardware evaluation                                  ; Off             ; Off           ;
; Verilog Version                                                            ; Verilog_2001    ; Verilog_2001  ;
; VHDL Version                                                               ; VHDL_1993       ; VHDL_1993     ;
; State Machine Processing                                                   ; Auto            ; Auto          ;
; Safe State Machine                                                         ; Off             ; Off           ;
; Extract Verilog State Machines                                             ; On              ; On            ;
; Extract VHDL State Machines                                                ; On              ; On            ;
; Ignore Verilog initial constructs                                          ; Off             ; Off           ;
; Iteration limit for constant Verilog loops                                 ; 5000            ; 5000          ;
; Iteration limit for non-constant Verilog loops                             ; 250             ; 250           ;
; Add Pass-Through Logic to Inferred RAMs                                    ; On              ; On            ;
; Infer RAMs from Raw Logic                                                  ; On              ; On            ;
; Parallel Synthesis                                                         ; On              ; On            ;
; NOT Gate Push-Back                                                         ; On              ; On            ;
; Power-Up Don't Care                                                        ; On              ; On            ;
; Remove Duplicate Registers                                                 ; On              ; On            ;
; Ignore CARRY Buffers                                                       ; Off             ; Off           ;
; Ignore CASCADE Buffers                                                     ; Off             ; Off           ;
; Ignore GLOBAL Buffers                                                      ; Off             ; Off           ;
; Ignore ROW GLOBAL Buffers                                                  ; Off             ; Off           ;
; Ignore LCELL Buffers                                                       ; Auto            ; Auto          ;
; Ignore SOFT Buffers                                                        ; Off             ; Off           ;
; Limit AHDL Integers to 32 Bits                                             ; Off             ; Off           ;
; Optimization Technique                                                     ; Speed           ; Speed         ;
; Allow XOR Gate Usage                                                       ; On              ; On            ;
; Auto Logic Cell Insertion                                                  ; On              ; On            ;
; Parallel Expander Chain Length                                             ; 4               ; 4             ;
; Auto Parallel Expanders                                                    ; On              ; On            ;
; Auto Open-Drain Pins                                                       ; On              ; On            ;
; Auto Resource Sharing                                                      ; Off             ; Off           ;
; Maximum Fan-in Per Macrocell                                               ; 100             ; 100           ;
; Use LogicLock Constraints during Resource Balancing                        ; On              ; On            ;
; Ignore translate_off and synthesis_off directives                          ; Off             ; Off           ;
; Report Parameter Settings                                                  ; On              ; On            ;
; Report Source Assignments                                                  ; On              ; On            ;
; Report Connectivity Checks                                                 ; On              ; On            ;
; HDL message level                                                          ; Level2          ; Level2        ;
; Suppress Register Optimization Related Messages                            ; Off             ; Off           ;
; Number of Removed Registers Reported in Synthesis Report                   ; 5000            ; 5000          ;
; Number of Swept Nodes Reported in Synthesis Report                         ; 5000            ; 5000          ;
; Number of Inverted Registers Reported in Synthesis Report                  ; 100             ; 100           ;
; Block Design Naming                                                        ; Auto            ; Auto          ;
; Synthesis Effort                                                           ; Auto            ; Auto          ;
; Shift Register Replacement - Allow Asynchronous Clear Signal               ; On              ; On            ;
; Pre-Mapping Resynthesis Optimization                                       ; Off             ; Off           ;
; Analysis & Synthesis Message Level                                         ; Medium          ; Medium        ;
; Disable Register Merging Across Hierarchies                                ; Auto            ; Auto          ;
; Synthesis Seed                                                             ; 1               ; 1             ;
+----------------------------------------------------------------------------+-----------------+---------------+


Parallel compilation was disabled, but you have multiple processors available. Enable parallel compilation to reduce compilation time.
+-------------------------------------+
; Parallel Compilation                ;
+----------------------------+--------+
; Processors                 ; Number ;
+----------------------------+--------+
; Number detected on machine ; 4      ;
; Maximum allowed            ; 1      ;
+----------------------------+--------+


+----------------------------------------------------------------------------------------------------------------------+
; Analysis & Synthesis Source Files Read                                                                               ;
+----------------------------------+-----------------+------------------------+------------------------------+---------+
; File Name with User-Entered Path ; Used in Netlist ; File Type              ; File Name with Absolute Path ; Library ;
+----------------------------------+-----------------+------------------------+------------------------------+---------+
; gcd_cal.v                        ; yes             ; User Verilog HDL File  ; D:/GCD_Calculator/gcd_cal.v  ;         ;
+----------------------------------+-----------------+------------------------+------------------------------+---------+


+-----------------------------------------------------------------------------+
; Analysis & Synthesis Resource Usage Summary                                 ;
+----------------------+------------------------------------------------------+
; Resource             ; Usage                                                ;
+----------------------+------------------------------------------------------+
; Logic cells          ; 38                                                   ;
; Total registers      ; 0                                                    ;
; I/O pins             ; 12                                                   ;
; Shareable expanders  ; 9                                                    ;
; Parallel expanders   ; 16                                                   ;
; Maximum fan-out node ; four_bit_sub:f2|four_bit_adder:f2|FullAdder:F3|x2~10 ;
; Maximum fan-out      ; 24                                                   ;
; Total fan-out        ; 391                                                  ;
; Average fan-out      ; 6.63                                                 ;
+----------------------+------------------------------------------------------+


+-------------------------------------------------------------------------------------------------------------------------+
; Analysis & Synthesis Resource Utilization by Entity                                                                     ;
+----------------------------+------------+------+---------------------------------------------------------+--------------+
; Compilation Hierarchy Node ; Macrocells ; Pins ; Full Hierarchy Name                                     ; Library Name ;
+----------------------------+------------+------+---------------------------------------------------------+--------------+
; |gcd_cal                   ; 38         ; 12   ; |gcd_cal                                                ; work         ;
;    |four_bit_comp:f1|      ; 6          ; 0    ; |gcd_cal|four_bit_comp:f1                               ; work         ;
;    |four_bit_sub:f2|       ; 11         ; 0    ; |gcd_cal|four_bit_sub:f2                                ; work         ;
;       |four_bit_adder:f2|  ; 11         ; 0    ; |gcd_cal|four_bit_sub:f2|four_bit_adder:f2              ; work         ;
;          |FullAdder:F1|    ; 1          ; 0    ; |gcd_cal|four_bit_sub:f2|four_bit_adder:f2|FullAdder:F1 ; work         ;
;          |FullAdder:F2|    ; 3          ; 0    ; |gcd_cal|four_bit_sub:f2|four_bit_adder:f2|FullAdder:F2 ; work         ;
;          |FullAdder:F3|    ; 4          ; 0    ; |gcd_cal|four_bit_sub:f2|four_bit_adder:f2|FullAdder:F3 ; work         ;
;          |FullAdder:F4|    ; 3          ; 0    ; |gcd_cal|four_bit_sub:f2|four_bit_adder:f2|FullAdder:F4 ; work         ;
;    |mux:M10|               ; 0          ; 0    ; |gcd_cal|mux:M10                                        ; work         ;
;    |mux:M11|               ; 0          ; 0    ; |gcd_cal|mux:M11                                        ; work         ;
;    |mux:M15|               ; 1          ; 0    ; |gcd_cal|mux:M15                                        ; work         ;
;    |mux:M1|                ; 1          ; 0    ; |gcd_cal|mux:M1                                         ; work         ;
;    |mux:M2|                ; 1          ; 0    ; |gcd_cal|mux:M2                                         ; work         ;
;    |mux:M3|                ; 1          ; 0    ; |gcd_cal|mux:M3                                         ; work         ;
;    |mux:M4|                ; 1          ; 0    ; |gcd_cal|mux:M4                                         ; work         ;
;    |mux:M5|                ; 4          ; 0    ; |gcd_cal|mux:M5                                         ; work         ;
;    |mux:M6|                ; 4          ; 0    ; |gcd_cal|mux:M6                                         ; work         ;
;    |mux:M7|                ; 2          ; 0    ; |gcd_cal|mux:M7                                         ; work         ;
;    |mux:M8|                ; 2          ; 0    ; |gcd_cal|mux:M8                                         ; work         ;
+----------------------------+------------+------+---------------------------------------------------------+--------------+


+-------------------------------------------------------------+
; Logic Cells Representing Combinational Loops                ;
+--------------------------------------------------------+----+
; Logic Cell Name                                        ;    ;
+--------------------------------------------------------+----+
; four_bit_sub:f2|four_bit_adder:f2|FullAdder:F1|x2~0    ;    ;
; mux:M13|O1~0                                           ;    ;
; four_bit_sub:f2|four_bit_adder:f2|FullAdder:F2|x2~0    ;    ;
; mux:M6|O1~0                                            ;    ;
; a1~0                                                   ;    ;
; four_bit_sub:f2|four_bit_adder:f2|FullAdder:F3|x2~0    ;    ;
; mux:M7|O1~0                                            ;    ;
; four_bit_sub:f2|four_bit_adder:f2|FullAdder:F4|x2~0    ;    ;
; mux:M8|O1~0                                            ;    ;
; mux:M5|O1~0                                            ;    ;
; Number of logic cells representing combinational loops ; 10 ;
+--------------------------------------------------------+----+
Note: All cells listed above may not be present at the end of synthesis due to various synthesis optimizations.


+-------------------------------------------------------------------------------------------------------------------------------------------------------------------------------------------------------------+
; Port Connectivity Checks: "four_bit_sub:f2|four_bit_adder:f2"                                                                                                                                               ;
+------+--------+----------+----------------------------------------------------------------------------------------------------------------------------------------------------------------------------------+
; Port ; Type   ; Severity ; Details                                                                                                                                                                          ;
+------+--------+----------+----------------------------------------------------------------------------------------------------------------------------------------------------------------------------------+
; b    ; Input  ; Warning  ; Input port expression (5 bits) is wider than the input port (4 bits) it drives.  The 1 most-significant bit(s) in the expression will be dangling if they have no other fanouts. ;
; o    ; Output ; Warning  ; Output or bidir port (4 bits) is smaller than the port expression (5 bits) it drives.  The 1 most-significant bit(s) in the port expression will be connected to GND.            ;
+------+--------+----------+----------------------------------------------------------------------------------------------------------------------------------------------------------------------------------+


+----------------------------------------------------------------------------------------------------------------+
; Port Connectivity Checks: "four_bit_sub:f2|four_bit_adder:f1|FullAdder:F4"                                     ;
+------+--------+----------+-------------------------------------------------------------------------------------+
; Port ; Type   ; Severity ; Details                                                                             ;
+------+--------+----------+-------------------------------------------------------------------------------------+
; o2   ; Output ; Info     ; Connected to dangling logic. Logic that only feeds a dangling port will be removed. ;
+------+--------+----------+-------------------------------------------------------------------------------------+


+----------------------------------------------------------------------------+
; Port Connectivity Checks: "four_bit_sub:f2|four_bit_adder:f1|FullAdder:F1" ;
+------+-------+----------+--------------------------------------------------+
; Port ; Type  ; Severity ; Details                                          ;
+------+-------+----------+--------------------------------------------------+
; c    ; Input ; Info     ; Stuck at GND                                     ;
+------+-------+----------+--------------------------------------------------+


+-----------------------------------------------------------------------------------------------------------------------------------------------------------------------------------------------------+
; Port Connectivity Checks: "four_bit_sub:f2|four_bit_adder:f1"                                                                                                                                       ;
+---------+--------+----------+-----------------------------------------------------------------------------------------------------------------------------------------------------------------------+
; Port    ; Type   ; Severity ; Details                                                                                                                                                               ;
+---------+--------+----------+-----------------------------------------------------------------------------------------------------------------------------------------------------------------------+
; b[3..1] ; Input  ; Info     ; Stuck at GND                                                                                                                                                          ;
; b[0]    ; Input  ; Info     ; Stuck at VCC                                                                                                                                                          ;
; o       ; Output ; Warning  ; Output or bidir port (4 bits) is smaller than the port expression (5 bits) it drives.  The 1 most-significant bit(s) in the port expression will be connected to GND. ;
+---------+--------+----------+-----------------------------------------------------------------------------------------------------------------------------------------------------------------------+


+----------------------------------------------------------------------------------------------------------------+
; Port Connectivity Checks: "four_bit_sub:f2"                                                                    ;
+------+--------+----------+-------------------------------------------------------------------------------------+
; Port ; Type   ; Severity ; Details                                                                             ;
+------+--------+----------+-------------------------------------------------------------------------------------+
; o[4] ; Output ; Info     ; Connected to dangling logic. Logic that only feeds a dangling port will be removed. ;
+------+--------+----------+-------------------------------------------------------------------------------------+


+---------------------------------------------------------------------------------------------------------------+
; Port Connectivity Checks: "four_bit_comp:f1"                                                                  ;
+------+-------+----------+-------------------------------------------------------------------------------------+
; Port ; Type  ; Severity ; Details                                                                             ;
+------+-------+----------+-------------------------------------------------------------------------------------+
; o1   ; Bidir ; Warning  ; Connected to dangling logic. Logic that only feeds a dangling port will be removed. ;
; o3   ; Bidir ; Warning  ; Connected to dangling logic. Logic that only feeds a dangling port will be removed. ;
+------+-------+----------+-------------------------------------------------------------------------------------+


+-------------------------------+
; Analysis & Synthesis Messages ;
+-------------------------------+
Info: *******************************************************************
Info: Running Quartus II 64-Bit Analysis & Synthesis
    Info: Version 13.0.1 Build 232 06/12/2013 Service Pack 1 SJ Web Edition
    Info: Processing started: Thu Nov 16 21:33:40 2017
Info: Command: quartus_map --read_settings_files=on --write_settings_files=off gcd_cal -c gcd_cal
Warning (20028): Parallel compilation is not licensed and has been disabled
Warning (12090): Entity "mux" obtained from "gcd_cal.v" instead of from Quartus II megafunction library
Info (12021): Found 6 design units, including 6 entities, in source file gcd_cal.v
    Info (12023): Found entity 1: FullAdder
    Info (12023): Found entity 2: mux
    Info (12023): Found entity 3: four_bit_adder
    Info (12023): Found entity 4: four_bit_sub
    Info (12023): Found entity 5: four_bit_comp
    Info (12023): Found entity 6: gcd_cal
Info (12127): Elaborating entity "gcd_cal" for the top level hierarchy
Info (12128): Elaborating entity "mux" for hierarchy "mux:M1"
Info (12128): Elaborating entity "four_bit_comp" for hierarchy "four_bit_comp:f1"
Info (12128): Elaborating entity "four_bit_sub" for hierarchy "four_bit_sub:f2"
Warning (10230): Verilog HDL assignment warning at gcd_cal.v(44): truncated value with size 32 to match size of target (4)
Info (12128): Elaborating entity "four_bit_adder" for hierarchy "four_bit_sub:f2|four_bit_adder:f1"
Info (12128): Elaborating entity "FullAdder" for hierarchy "four_bit_sub:f2|four_bit_adder:f1|FullAdder:F1"
Warning (12011): Net is missing source, defaulting to GND
    Warning (12110): Net "four_bit_sub:f2|d[4]" is missing source, defaulting to GND
Warning (12241): 3 hierarchies have connectivity warnings - see the Connectivity Checks report folder
Info (21057): Implemented 59 device resources after synthesis - the final resource count might be different
    Info (21058): Implemented 8 input pins
    Info (21059): Implemented 4 output pins
    Info (21063): Implemented 38 macrocells
    Info (21073): Implemented 9 shareable expanders
Info (144001): Generated suppressed messages file D:/GCD_Calculator/output_files/gcd_cal.map.smsg
Info: Quartus II 64-Bit Analysis & Synthesis was successful. 0 errors, 6 warnings
    Info: Peak virtual memory: 460 megabytes
    Info: Processing ended: Thu Nov 16 21:33:42 2017
    Info: Elapsed time: 00:00:02
    Info: Total CPU time (on all processors): 00:00:02


+------------------------------------------+
; Analysis & Synthesis Suppressed Messages ;
+------------------------------------------+
The suppressed messages can be found in D:/GCD_Calculator/output_files/gcd_cal.map.smsg.


